<html>
<body>
<pre>
<h1>µVision Build Log</h1>
<h2>Tool Versions:</h2>
IDE-Version: ¦ÌVision V5.36.0.0
Copyright (C) 2021 ARM Ltd and ARM Germany GmbH. All rights reserved.
License Information: H H.W, H, LIC=LSNY8-3W0LH-63YMB-2SCDE-8PH1B-C4ZEH
 
Tool Versions:
Toolchain:       MDK-ARM Plus  Version: 5.36.0.0
Toolchain Path:  F:\Keil_v5\ARM\ARMCC\Bin
C Compiler:      Armcc.exe V5.06 update 7 (build 960)
Assembler:       Armasm.exe V5.06 update 7 (build 960)
Linker/Locator:  ArmLink.exe V5.06 update 7 (build 960)
Library Manager: ArmAr.exe V5.06 update 7 (build 960)
Hex Converter:   FromElf.exe V5.06 update 7 (build 960)
CPU DLL:         SARMCM3.DLL V5.36.0.0
Dialog DLL:      DCM.DLL V1.17.3.0
Target DLL:      STLink\ST-LINKIII-KEIL_SWO.dll V3.0.9.0
Dialog DLL:      TCM.DLL V1.53.0.0
 
<h2>Project:</h2>
C:\Users\H.W\Desktop\MCU2019119119-master(1)\MCU2019119119-master\ÊµÑé5\ch5\MDK-ARM\STM32L431_PWM.uvprojx
Project File Date:  12/29/2021

<h2>Output:</h2>
  
Warning: *** SUPPORT EXPIRED, NEW PRODUCT SERIAL NUMBER REQUIRED ***
         *** Running with Code Size Limit: 32K                   ***
*** Using Compiler 'V5.06 update 7 (build 960)', folder: 'F:\Keil_v5\ARM\ARMCC\Bin'
Rebuild target 'STM32L431_PWM'
compiling stm32l4xx_hal_msp.c...
compiling tim.c...
compiling main.c...
compiling gpio.c...
compiling stm32l4xx_it.c...
compiling stm32l4xx_hal_tim_ex.c...
compiling stm32l4xx_hal_tim.c...
compiling stm32l4xx_hal.c...
compiling stm32l4xx_hal_i2c_ex.c...
compiling stm32l4xx_hal_rcc_ex.c...
compiling stm32l4xx_hal_rcc.c...
compiling stm32l4xx_hal_i2c.c...
compiling stm32l4xx_hal_flash.c...
compiling stm32l4xx_hal_gpio.c...
compiling stm32l4xx_hal_flash_ex.c...
compiling stm32l4xx_hal_flash_ramfunc.c...
compiling stm32l4xx_hal_dma_ex.c...
compiling stm32l4xx_hal_dma.c...
compiling stm32l4xx_hal_pwr.c...
compiling stm32l4xx_hal_pwr_ex.c...
compiling stm32l4xx_hal_cortex.c...
compiling stm32l4xx_hal_exti.c...
compiling system_stm32l4xx.c...
assembling startup_stm32l431xx.s...
linking...
Program Size: Code=5596 RO-data=492 RW-data=20 ZI-data=1100  
"STM32L431_PWM\STM32L431_PWM.axf" - 0 Error(s), 1 Warning(s).

<h2>Software Packages used:</h2>

Package Vendor: ARM
                http://www.keil.com/pack/ARM.CMSIS.5.8.0.pack
                ARM.CMSIS.5.8.0
                CMSIS (Common Microcontroller Software Interface Standard)
   * Component: CORE Version: 5.5.0

Package Vendor: Keil
                http://www.keil.com/pack/Keil.STM32L4xx_DFP.2.2.0.pack
                Keil.STM32L4xx_DFP.2.2.0
                STMicroelectronics STM32L4 Series Device Support, Drivers and Examples

<h2>Collection of Component include folders:</h2>
  .\RTE\_STM32L431_PWM
  F:\Keil_v5\ARM\PACK\ARM\CMSIS\5.8.0\CMSIS\Core\Include
  F:\Keil_v5\ARM\PACK\Keil\STM32L4xx_DFP\2.2.0\Drivers\CMSIS\Device\ST\STM32L4xx\Include

<h2>Collection of Component Files used:</h2>

   * Component: ARM::CMSIS:CORE:5.5.0
Build Time Elapsed:  00:00:07
</pre>
</body>
</html>
